BEFORE:
Fake Database.
All Customers {

    Customer {
        externalId='12345'
        masterExternalId='null'
        companyNumber='null'
        internalId='45435'
        name='null'
        customerType=PERSON
        preferredStore='null'
        bonusPoints='0'
        address='null'
        shoppingLists=[]
    }

}
All Shopping Lists
[]
SYNCING THIS:
ExternalCustomer {
    externalId=''
    companyNumber='470813-8895'
    name=''
    preferredStore='null'
    bonusPoints='0'
    address='123 main st, SE-123 45 Helsingborg'
    shoppingLists=[[lipstick, blusher]]
}
AFTER:
Fake Database.
All Customers {

    Customer {
        externalId='12345'
        masterExternalId='null'
        companyNumber='null'
        internalId='45435'
        name='null'
        customerType=PERSON
        preferredStore='null'
        bonusPoints='0'
        address='null'
        shoppingLists=[]
    }

}
All Shopping Lists
[]